// Jest Snapshot v1, https://goo.gl/fbAQLP

exports[`<FilmList /> should be rendered 1`] = `<Styled(ul) />`;
