// Jest Snapshot v1, https://goo.gl/fbAQLP

exports[`<SearchBox /> should be rendered 1`] = `
<Styled(div)>
  <Styled(input)
    onChange={[Function]}
    placeholder="Search"
    value=""
  />
  <Styled(button)
    onClick={[Function]}
  >
    Search
  </Styled(button)>
</Styled(div)>
`;
