// Jest Snapshot v1, https://goo.gl/fbAQLP

exports[`<Search /> should handle search filter 1`] = `
<DocumentFragment>
  <header
    class="css-t3r2z7"
  >
    <a
      class="css-146to4j"
      href="/"
    >
      <em>
        netflix
      </em>
      roulette
    </a>
    <div
      class="css-1r4e12l"
    >
      <h1
        class="css-sokrpn"
      >
        Find your movie
      </h1>
      <div
        class="css-11yzz3q"
      >
        <input
          class="css-1wf26wm"
          placeholder="Search"
          value=""
        />
        <button
          class="css-u83ny6"
        >
          Search
        </button>
      </div>
      <div
        class="css-17wzkxm"
      >
        <label
          class="css-1acepui"
        >
          Search by
        </label>
        <button
          class="active css-1f5llbs"
        >
          Title
        </button>
        <button
          class=" css-1f5llbs"
        >
          Genres
        </button>
      </div>
    </div>
  </header>
  <main
    class="css-1wufzma"
  >
    <section
      class="css-5719bz"
    >
      <span
        class="css-7j8j8h"
      >
         movie found
      </span>
      <div
        class="css-17wzkxm"
      >
        <label
          class="css-1acepui"
        >
          Sort by
        </label>
        <button
          class="active css-1f5llbs"
        >
          Release
        </button>
        <button
          class=" css-1f5llbs"
        >
          Rating
        </button>
      </div>
    </section>
    <ul
      class="css-17vq9x5"
    />
  </main>
</DocumentFragment>
`;

exports[`<Search /> should handle sort filter 1`] = `
<DocumentFragment>
  <header
    class="css-t3r2z7"
  >
    <a
      class="css-146to4j"
      href="/"
    >
      <em>
        netflix
      </em>
      roulette
    </a>
    <div
      class="css-1r4e12l"
    >
      <h1
        class="css-sokrpn"
      >
        Find your movie
      </h1>
      <div
        class="css-11yzz3q"
      >
        <input
          class="css-1wf26wm"
          placeholder="Search"
          value=""
        />
        <button
          class="css-u83ny6"
        >
          Search
        </button>
      </div>
      <div
        class="css-17wzkxm"
      >
        <label
          class="css-1acepui"
        >
          Search by
        </label>
        <button
          class="active css-1f5llbs"
        >
          Title
        </button>
        <button
          class=" css-1f5llbs"
        >
          Genres
        </button>
      </div>
    </div>
  </header>
  <main
    class="css-1wufzma"
  >
    <section
      class="css-5719bz"
    >
      <span
        class="css-7j8j8h"
      >
         movie found
      </span>
      <div
        class="css-17wzkxm"
      >
        <label
          class="css-1acepui"
        >
          Sort by
        </label>
        <button
          class="active css-1f5llbs"
        >
          Release
        </button>
        <button
          class=" css-1f5llbs"
        >
          Rating
        </button>
      </div>
    </section>
    <ul
      class="css-17vq9x5"
    />
  </main>
</DocumentFragment>
`;

exports[`<Search /> should render search 1`] = `
<DocumentFragment>
  <header
    class="css-t3r2z7"
  >
    <a
      class="css-146to4j"
      href="/"
    >
      <em>
        netflix
      </em>
      roulette
    </a>
    <div
      class="css-1r4e12l"
    >
      <h1
        class="css-sokrpn"
      >
        Find your movie
      </h1>
      <div
        class="css-11yzz3q"
      >
        <input
          class="css-1wf26wm"
          placeholder="Search"
          value=""
        />
        <button
          class="css-u83ny6"
        >
          Search
        </button>
      </div>
      <div
        class="css-17wzkxm"
      >
        <label
          class="css-1acepui"
        >
          Search by
        </label>
        <button
          class="active css-1f5llbs"
        >
          Title
        </button>
        <button
          class=" css-1f5llbs"
        >
          Genres
        </button>
      </div>
    </div>
  </header>
  <main
    class="css-1wufzma"
  >
    <section
      class="css-5719bz"
    >
      <span
        class="css-7j8j8h"
      >
         movie found
      </span>
      <div
        class="css-17wzkxm"
      >
        <label
          class="css-1acepui"
        >
          Sort by
        </label>
        <button
          class="active css-1f5llbs"
        >
          Release
        </button>
        <button
          class=" css-1f5llbs"
        >
          Rating
        </button>
      </div>
    </section>
    <ul
      class="css-17vq9x5"
    />
  </main>
</DocumentFragment>
`;
