// Jest Snapshot v1, https://goo.gl/fbAQLP

exports[`<Film /> should be rendered 1`] = `
<Fragment>
  <Header>
    <FilmDetails />
  </Header>
  <Styled(main)>
    <Styled(section)>
      <Styled(span)>
        Films by 
         genre
      </Styled(span)>
    </Styled(section)>
    <FilmList />
  </Styled(main)>
</Fragment>
`;
